---
source: examples-wasm/examples/subscriptions.rs
expression: query.query()
---
subscription Subscription {
  books {
    id
    book {
      id
      name
      author
    }
  }
}

