---
source: examples/examples/tokio.rs
expression: query.query()
---
subscription Subscription {
  books {
    id
    book {
      id
      name
      author
    }
  }
}

